// Jest Snapshot v1, https://goo.gl/fbAQLP

exports[`renders as expected 1`] = `
<div>
  <ol
    class="sc-AxjAm bOMimJ"
  >
    <li
      class="sc-AxirZ kjtjMa"
    >
      <a
        href="/test"
      >
        test
      </a>
    </li>
    <li
      class="sc-AxirZ kjtjMa"
    >
      <a
        href="/test-2"
      >
        test 2
      </a>
    </li>
    <li
      class="sc-AxirZ kjtjMa"
    >
      <a
        href="/test-3"
      >
        test 3
      </a>
    </li>
  </ol>
</div>
`;
